
> smart-world@0.0.0 build
> vite build

[36mvite v7.3.1 [32mbuilding client environment for production...[36m[39m
transforming...
[32mظ£ô[39m 1731 modules transformed.
rendering chunks...
computing gzip size...
[2mdist/[22m[32mindex.html                 [39m[1m[2m  0.72 kB[22m[1m[22m[2m ظ¤é gzip:  0.45 kB[22m
[2mdist/[22m[35massets/index-digq8uDi.css  [39m[1m[2m 63.07 kB[22m[1m[22m[2m ظ¤é gzip:  9.27 kB[22m
[2mdist/[22m[36massets/index-DXzNRSUa.js   [39m[1m[2m279.48 kB[22m[1m[22m[2m ظ¤é gzip: 88.65 kB[22m
[32mظ£ô built in 3.85s[39m
